GDRE Tools v2.7.0-beta.2
Windows 10.0.28000, ANGLE (AMD, AMD Radeon HD 6500 Series (0x00006742) Direct3D11 vs_5_0 ps_5_0, D3D11-8.17.10.1404), opengl3_angle
Opening file: C:/Users/FurrtMYZY/Downloads/狐处有微光-SP-1.1.1.exe
Loaded 117 imported files
Detected Engine Version: 4.5.1
Detected Bytecode Revision: 4.5.0-stable (ebc36a7)
Verified 238 files, no errors detected!
Extracted 238 files, no errors detected!
Saved project config.


********************************EXPORT REPORT********************************

Totals:                                 
Decompiled scripts:                     18
Scripts not decompiled:                 0
Imported resources for export session:  117
Successfully converted:                 117
Lossy:                                  1
Rewrote metadata:                       89
Non-importable conversions:             0
Not converted:                          0
Failed conversions:                     0
-------------



------------------------------------------------------------------------------------

Use Godot editor version 4.5.1 to edit the project.

*******************************************************************************

